// Jest Snapshot v1, https://goo.gl/fbAQLP

exports[`UpdatePasswordModal render renders correctly 1`] = `
<span
  id="user-modal"
>
  <button
    className="waves-effect waves-light btn modal-trigger update-password-button"
    data-target="update-user-password-modal-login"
    title="Mise à jour du mot de passe"
  >
    Mise à jour du mot de passe
  </button>
  <div
    className="modal"
    id="update-user-password-modal-login"
  >
    <div
      className="modal-content"
    >
      <h4>
        Mise à jour du mot de passe de
         
        login
      </h4>
      <div
        className="row"
      >
        <div
          className="input-field col s12"
        >
          <input
            className="validate"
            id="update-password-login"
            onChange={[Function]}
            type="text"
            value=""
          />
          <label
            htmlFor="update-password-login"
          >
            Mot de passe
          </label>
        </div>
      </div>
    </div>
    <div
      className="modal-footer"
    >
      <button
        className="modal-close waves-effect waves-red btn-flat cancel-button"
      >
        Annuler
      </button>
      <button
        className="modal-close waves-effect waves-green btn-flat"
        id="update-password-validate-button"
        onClick={[Function]}
      >
        Valider
      </button>
    </div>
  </div>
</span>
`;
